[2026-07-25 13:20:38] - DEBUG - Starting new HTTPS connection (1): lootandsomefun.com:443
[2026-07-25 13:20:38] - DEBUG - https://lootandsomefun.com:443 "GET /api/v1/members?limit=100&offset=0 HTTP/1.1" 200 None
[2026-07-25 13:20:38] - DEBUG - https://lootandsomefun.com:443 "GET /api/v1/attendance?limit=100&offset=0 HTTP/1.1" 200 None
[2026-07-25 13:20:39] - DEBUG - https://lootandsomefun.com:443 "GET /api/v1/loot?limit=100&offset=0 HTTP/1.1" 200 None
[2026-07-25 13:27:00] - DEBUG - Starting new HTTPS connection (1): lootandsomefun.com:443
[2026-07-25 13:27:00] - DEBUG - https://lootandsomefun.com:443 "GET /api/v1/members?limit=100&offset=0 HTTP/1.1" 200 None
[2026-07-25 13:27:00] - DEBUG - https://lootandsomefun.com:443 "GET /api/v1/attendance?limit=100&offset=0 HTTP/1.1" 200 None
[2026-07-25 13:27:00] - DEBUG - https://lootandsomefun.com:443 "GET /api/v1/loot?limit=100&offset=0 HTTP/1.1" 200 None
[2026-07-25 13:27:00] - DEBUG - https://lootandsomefun.com:443 "GET /api/v1/raids?limit=500&offset=0 HTTP/1.1" 200 None
[2026-07-25 13:27:26] - DEBUG - Starting new HTTPS connection (1): lootandsomefun.com:443
[2026-07-25 13:27:26] - DEBUG - https://lootandsomefun.com:443 "GET /api/v1/members?limit=100&offset=0 HTTP/1.1" 200 None
[2026-07-25 13:27:27] - DEBUG - https://lootandsomefun.com:443 "GET /api/v1/attendance?limit=100&offset=0 HTTP/1.1" 200 None
[2026-07-25 13:27:27] - DEBUG - https://lootandsomefun.com:443 "GET /api/v1/loot?limit=100&offset=0 HTTP/1.1" 200 None
[2026-07-25 13:27:27] - DEBUG - https://lootandsomefun.com:443 "GET /api/v1/raids?limit=500&offset=0 HTTP/1.1" 200 None
[2026-07-25 13:32:30] - DEBUG - Starting new HTTPS connection (1): lootandsomefun.com:443
[2026-07-25 13:32:30] - DEBUG - https://lootandsomefun.com:443 "GET /api/v1/members?limit=100&offset=0 HTTP/1.1" 200 None
[2026-07-25 13:32:30] - DEBUG - https://lootandsomefun.com:443 "GET /api/v1/attendance?limit=100&offset=0 HTTP/1.1" 200 None
[2026-07-25 13:32:30] - DEBUG - https://lootandsomefun.com:443 "GET /api/v1/loot?limit=100&offset=0 HTTP/1.1" 200 None
[2026-07-25 13:32:31] - DEBUG - https://lootandsomefun.com:443 "GET /api/v1/raids?limit=500&offset=0 HTTP/1.1" 200 None
[2026-07-25 13:39:39] - DEBUG - Starting new HTTPS connection (1): lootandsomefun.com:443
[2026-07-25 13:39:40] - DEBUG - https://lootandsomefun.com:443 "GET /api/v1/members?limit=100&offset=0 HTTP/1.1" 200 None
[2026-07-25 13:39:40] - DEBUG - https://lootandsomefun.com:443 "GET /api/v1/attendance?limit=100&offset=0 HTTP/1.1" 200 None
[2026-07-25 13:39:40] - DEBUG - https://lootandsomefun.com:443 "GET /api/v1/loot?limit=100&offset=0 HTTP/1.1" 200 None
[2026-07-25 13:39:40] - DEBUG - https://lootandsomefun.com:443 "GET /api/v1/raids?limit=500&offset=0 HTTP/1.1" 200 None
[2026-07-25 13:42:17] - DEBUG - Starting new HTTPS connection (1): lootandsomefun.com:443
[2026-07-25 13:42:18] - DEBUG - https://lootandsomefun.com:443 "GET /api/v1/members?limit=100&offset=0 HTTP/1.1" 200 None
[2026-07-25 13:42:18] - DEBUG - https://lootandsomefun.com:443 "GET /api/v1/attendance?limit=100&offset=0 HTTP/1.1" 200 None
[2026-07-25 13:42:18] - DEBUG - https://lootandsomefun.com:443 "GET /api/v1/loot?limit=100&offset=0 HTTP/1.1" 200 None
[2026-07-25 13:42:18] - DEBUG - https://lootandsomefun.com:443 "GET /api/v1/raids?limit=500&offset=0 HTTP/1.1" 200 None
[2026-07-25 13:44:35] - DEBUG - Starting new HTTPS connection (1): lootandsomefun.com:443
[2026-07-25 13:44:35] - DEBUG - https://lootandsomefun.com:443 "GET /api/v1/members?limit=100&offset=0 HTTP/1.1" 200 None
[2026-07-25 13:44:36] - DEBUG - https://lootandsomefun.com:443 "GET /api/v1/attendance?limit=100&offset=0 HTTP/1.1" 200 None
[2026-07-25 13:44:36] - DEBUG - https://lootandsomefun.com:443 "GET /api/v1/loot?limit=100&offset=0 HTTP/1.1" 200 None
[2026-07-25 13:44:36] - DEBUG - https://lootandsomefun.com:443 "GET /api/v1/raids?limit=500&offset=0 HTTP/1.1" 200 None
[2026-07-25 13:50:29] - DEBUG - Starting new HTTPS connection (1): lootandsomefun.com:443
[2026-07-25 13:50:29] - DEBUG - https://lootandsomefun.com:443 "GET /api/v1/members?limit=100&offset=0 HTTP/1.1" 200 None
[2026-07-25 13:50:29] - DEBUG - https://lootandsomefun.com:443 "GET /api/v1/attendance?limit=100&offset=0 HTTP/1.1" 200 None
[2026-07-25 13:50:29] - DEBUG - https://lootandsomefun.com:443 "GET /api/v1/loot?limit=100&offset=0 HTTP/1.1" 200 None
[2026-07-25 13:50:29] - DEBUG - https://lootandsomefun.com:443 "GET /api/v1/raids?limit=500&offset=0 HTTP/1.1" 200 None
[2026-07-25 13:51:57] - DEBUG - Starting new HTTPS connection (1): lootandsomefun.com:443
[2026-07-25 13:51:58] - DEBUG - https://lootandsomefun.com:443 "GET /api/v1/members?limit=100&offset=0 HTTP/1.1" 200 None
[2026-07-25 13:51:58] - DEBUG - https://lootandsomefun.com:443 "GET /api/v1/attendance?limit=100&offset=0 HTTP/1.1" 200 None
[2026-07-25 13:51:58] - DEBUG - https://lootandsomefun.com:443 "GET /api/v1/loot?limit=100&offset=0 HTTP/1.1" 200 None
[2026-07-25 13:51:58] - DEBUG - https://lootandsomefun.com:443 "GET /api/v1/raids?limit=500&offset=0 HTTP/1.1" 200 None
[2026-07-25 13:59:01] - DEBUG - Starting new HTTPS connection (1): lootandsomefun.com:443
[2026-07-25 13:59:01] - DEBUG - https://lootandsomefun.com:443 "GET /api/v1/members?limit=100&offset=0 HTTP/1.1" 200 None
[2026-07-25 13:59:01] - DEBUG - https://lootandsomefun.com:443 "GET /api/v1/attendance?limit=100&offset=0 HTTP/1.1" 200 None
[2026-07-25 13:59:01] - DEBUG - https://lootandsomefun.com:443 "GET /api/v1/loot?limit=100&offset=0 HTTP/1.1" 200 None
[2026-07-25 13:59:01] - DEBUG - https://lootandsomefun.com:443 "GET /api/v1/raids?limit=500&offset=0 HTTP/1.1" 200 None
[2026-07-25 14:11:46] - DEBUG - Starting new HTTPS connection (1): lootandsomefun.com:443
[2026-07-25 14:11:47] - DEBUG - https://lootandsomefun.com:443 "GET /api/v1/members?limit=100&offset=0 HTTP/1.1" 200 None
[2026-07-25 14:11:47] - DEBUG - https://lootandsomefun.com:443 "GET /api/v1/attendance?limit=100&offset=0 HTTP/1.1" 200 None
[2026-07-25 14:11:47] - DEBUG - https://lootandsomefun.com:443 "GET /api/v1/loot?limit=100&offset=0 HTTP/1.1" 200 None
[2026-07-25 14:11:47] - DEBUG - https://lootandsomefun.com:443 "GET /api/v1/raids?limit=500&offset=0 HTTP/1.1" 200 None
[2026-07-25 14:14:12] - DEBUG - Starting new HTTPS connection (1): lootandsomefun.com:443
[2026-07-25 14:14:12] - DEBUG - https://lootandsomefun.com:443 "GET /api/v1/members?limit=100&offset=0 HTTP/1.1" 200 None
[2026-07-25 14:14:12] - DEBUG - https://lootandsomefun.com:443 "GET /api/v1/attendance?limit=100&offset=0 HTTP/1.1" 200 None
[2026-07-25 14:14:12] - DEBUG - https://lootandsomefun.com:443 "GET /api/v1/loot?limit=100&offset=0 HTTP/1.1" 200 None
[2026-07-25 14:14:12] - DEBUG - https://lootandsomefun.com:443 "GET /api/v1/raids?limit=500&offset=0 HTTP/1.1" 200 None
[2026-07-25 14:16:09] - DEBUG - Starting new HTTPS connection (1): lootandsomefun.com:443
[2026-07-25 14:16:09] - DEBUG - https://lootandsomefun.com:443 "GET /api/v1/members?limit=100&offset=0 HTTP/1.1" 200 None
[2026-07-25 14:16:09] - DEBUG - https://lootandsomefun.com:443 "GET /api/v1/attendance?limit=100&offset=0 HTTP/1.1" 200 None
[2026-07-25 14:16:09] - DEBUG - https://lootandsomefun.com:443 "GET /api/v1/loot?limit=100&offset=0 HTTP/1.1" 200 None
[2026-07-25 14:16:09] - DEBUG - https://lootandsomefun.com:443 "GET /api/v1/raids?limit=500&offset=0 HTTP/1.1" 200 None
[2026-07-25 14:16:37] - DEBUG - Starting new HTTPS connection (1): lootandsomefun.com:443
[2026-07-25 14:16:38] - DEBUG - https://lootandsomefun.com:443 "GET /api/v1/members?limit=100&offset=0 HTTP/1.1" 200 None
[2026-07-25 14:16:38] - DEBUG - https://lootandsomefun.com:443 "GET /api/v1/attendance?limit=100&offset=0 HTTP/1.1" 200 None
[2026-07-25 14:16:38] - DEBUG - https://lootandsomefun.com:443 "GET /api/v1/loot?limit=100&offset=0 HTTP/1.1" 200 None
[2026-07-25 14:16:38] - DEBUG - https://lootandsomefun.com:443 "GET /api/v1/raids?limit=500&offset=0 HTTP/1.1" 200 None
[2026-07-25 14:17:28] - DEBUG - Starting new HTTPS connection (1): lootandsomefun.com:443
[2026-07-25 14:17:28] - DEBUG - https://lootandsomefun.com:443 "GET /api/v1/members?limit=100&offset=0 HTTP/1.1" 200 None
[2026-07-25 14:17:29] - DEBUG - https://lootandsomefun.com:443 "GET /api/v1/attendance?limit=100&offset=0 HTTP/1.1" 200 None
[2026-07-25 14:17:29] - DEBUG - https://lootandsomefun.com:443 "GET /api/v1/loot?limit=100&offset=0 HTTP/1.1" 200 None
[2026-07-25 14:17:29] - DEBUG - https://lootandsomefun.com:443 "GET /api/v1/raids?limit=500&offset=0 HTTP/1.1" 200 None
[2026-07-25 14:24:30] - DEBUG - Starting new HTTPS connection (1): lootandsomefun.com:443
[2026-07-25 14:24:31] - DEBUG - https://lootandsomefun.com:443 "GET /api/v1/members?limit=100&offset=0 HTTP/1.1" 200 None
[2026-07-25 14:24:31] - DEBUG - https://lootandsomefun.com:443 "GET /api/v1/attendance?limit=100&offset=0 HTTP/1.1" 200 None
[2026-07-25 14:24:31] - DEBUG - https://lootandsomefun.com:443 "GET /api/v1/loot?limit=100&offset=0 HTTP/1.1" 200 None
[2026-07-25 14:24:31] - DEBUG - https://lootandsomefun.com:443 "GET /api/v1/raids?limit=500&offset=0 HTTP/1.1" 200 None
[2026-07-25 14:25:47] - DEBUG - Starting new HTTPS connection (1): lootandsomefun.com:443
[2026-07-25 14:25:47] - DEBUG - https://lootandsomefun.com:443 "GET /api/v1/members?limit=100&offset=0 HTTP/1.1" 200 None
[2026-07-25 14:25:47] - DEBUG - https://lootandsomefun.com:443 "GET /api/v1/attendance?limit=100&offset=0 HTTP/1.1" 200 None
[2026-07-25 14:25:47] - DEBUG - https://lootandsomefun.com:443 "GET /api/v1/loot?limit=100&offset=0 HTTP/1.1" 200 None
[2026-07-25 14:25:47] - DEBUG - https://lootandsomefun.com:443 "GET /api/v1/raids?limit=500&offset=0 HTTP/1.1" 200 None
[2026-07-25 14:26:09] - DEBUG - Starting new HTTPS connection (1): lootandsomefun.com:443
[2026-07-25 14:26:09] - DEBUG - https://lootandsomefun.com:443 "GET /api/v1/members?limit=100&offset=0 HTTP/1.1" 200 None
[2026-07-25 14:26:09] - DEBUG - https://lootandsomefun.com:443 "GET /api/v1/attendance?limit=100&offset=0 HTTP/1.1" 200 None
[2026-07-25 14:26:09] - DEBUG - https://lootandsomefun.com:443 "GET /api/v1/loot?limit=100&offset=0 HTTP/1.1" 200 None
[2026-07-25 14:26:09] - DEBUG - https://lootandsomefun.com:443 "GET /api/v1/raids?limit=500&offset=0 HTTP/1.1" 200 None
[2026-07-25 14:27:24] - DEBUG - Starting new HTTPS connection (1): lootandsomefun.com:443
[2026-07-25 14:27:24] - DEBUG - https://lootandsomefun.com:443 "GET /api/v1/members?limit=100&offset=0 HTTP/1.1" 200 None
[2026-07-25 14:27:24] - DEBUG - https://lootandsomefun.com:443 "GET /api/v1/attendance?limit=100&offset=0 HTTP/1.1" 200 None
[2026-07-25 14:27:24] - DEBUG - https://lootandsomefun.com:443 "GET /api/v1/loot?limit=100&offset=0 HTTP/1.1" 200 None
[2026-07-25 14:27:24] - DEBUG - https://lootandsomefun.com:443 "GET /api/v1/raids?limit=500&offset=0 HTTP/1.1" 200 None
[2026-07-25 14:31:08] - DEBUG - Starting new HTTPS connection (1): lootandsomefun.com:443
[2026-07-25 14:31:08] - DEBUG - https://lootandsomefun.com:443 "GET /api/v1/members?limit=100&offset=0 HTTP/1.1" 200 None
[2026-07-25 14:31:09] - DEBUG - https://lootandsomefun.com:443 "GET /api/v1/attendance?limit=100&offset=0 HTTP/1.1" 200 None
[2026-07-25 14:31:09] - DEBUG - https://lootandsomefun.com:443 "GET /api/v1/loot?limit=100&offset=0 HTTP/1.1" 200 None
[2026-07-25 14:31:09] - DEBUG - https://lootandsomefun.com:443 "GET /api/v1/raids?limit=500&offset=0 HTTP/1.1" 200 None
[2026-07-25 14:38:20] - DEBUG - Starting new HTTPS connection (1): lootandsomefun.com:443
[2026-07-25 14:38:21] - DEBUG - https://lootandsomefun.com:443 "GET /api/v1/members?limit=100&offset=0 HTTP/1.1" 200 None
[2026-07-25 14:38:21] - DEBUG - https://lootandsomefun.com:443 "GET /api/v1/attendance?limit=100&offset=0 HTTP/1.1" 200 None
[2026-07-25 14:38:21] - DEBUG - https://lootandsomefun.com:443 "GET /api/v1/loot?limit=100&offset=0 HTTP/1.1" 200 None
[2026-07-25 14:38:21] - DEBUG - https://lootandsomefun.com:443 "GET /api/v1/raids?limit=500&offset=0 HTTP/1.1" 200 None
[2026-07-25 14:38:45] - DEBUG - Starting new HTTPS connection (1): lootandsomefun.com:443
[2026-07-25 14:38:45] - DEBUG - https://lootandsomefun.com:443 "GET /api/v1/members?limit=100&offset=0 HTTP/1.1" 200 None
[2026-07-25 14:38:45] - DEBUG - https://lootandsomefun.com:443 "GET /api/v1/attendance?limit=100&offset=0 HTTP/1.1" 200 None
[2026-07-25 14:38:45] - DEBUG - https://lootandsomefun.com:443 "GET /api/v1/loot?limit=100&offset=0 HTTP/1.1" 200 None
[2026-07-25 14:38:45] - DEBUG - https://lootandsomefun.com:443 "GET /api/v1/raids?limit=500&offset=0 HTTP/1.1" 200 None
[2026-07-25 14:40:34] - DEBUG - Starting new HTTPS connection (1): lootandsomefun.com:443
[2026-07-25 14:40:35] - DEBUG - https://lootandsomefun.com:443 "GET /api/v1/members?limit=100&offset=0 HTTP/1.1" 200 None
[2026-07-25 14:40:35] - DEBUG - https://lootandsomefun.com:443 "GET /api/v1/attendance?limit=100&offset=0 HTTP/1.1" 200 None
[2026-07-25 14:40:35] - DEBUG - https://lootandsomefun.com:443 "GET /api/v1/loot?limit=100&offset=0 HTTP/1.1" 200 None
[2026-07-25 14:40:35] - DEBUG - https://lootandsomefun.com:443 "GET /api/v1/raids?limit=500&offset=0 HTTP/1.1" 200 None
[2026-07-25 14:45:01] - DEBUG - Starting new HTTPS connection (1): lootandsomefun.com:443
[2026-07-25 14:45:01] - DEBUG - https://lootandsomefun.com:443 "GET /api/v1/members?limit=100&offset=0 HTTP/1.1" 200 None
[2026-07-25 14:45:01] - DEBUG - https://lootandsomefun.com:443 "GET /api/v1/attendance?limit=100&offset=0 HTTP/1.1" 200 None
[2026-07-25 14:45:01] - DEBUG - https://lootandsomefun.com:443 "GET /api/v1/loot?limit=100&offset=0 HTTP/1.1" 200 None
[2026-07-25 14:45:02] - DEBUG - https://lootandsomefun.com:443 "GET /api/v1/raids?limit=500&offset=0 HTTP/1.1" 200 None
[2026-07-25 14:46:06] - DEBUG - Starting new HTTPS connection (1): lootandsomefun.com:443
[2026-07-25 14:46:06] - DEBUG - https://lootandsomefun.com:443 "GET /api/v1/members?limit=100&offset=0 HTTP/1.1" 200 None
[2026-07-25 14:46:06] - DEBUG - https://lootandsomefun.com:443 "GET /api/v1/attendance?limit=100&offset=0 HTTP/1.1" 200 None
[2026-07-25 14:46:06] - DEBUG - https://lootandsomefun.com:443 "GET /api/v1/loot?limit=100&offset=0 HTTP/1.1" 200 None
[2026-07-25 14:46:06] - DEBUG - https://lootandsomefun.com:443 "GET /api/v1/raids?limit=500&offset=0 HTTP/1.1" 200 None
[2026-07-25 14:58:44] - DEBUG - Starting new HTTPS connection (1): lootandsomefun.com:443
[2026-07-25 14:58:44] - DEBUG - https://lootandsomefun.com:443 "GET /api/v1/members?limit=100&offset=0 HTTP/1.1" 200 None
[2026-07-25 14:58:44] - DEBUG - https://lootandsomefun.com:443 "GET /api/v1/attendance?limit=100&offset=0 HTTP/1.1" 200 None
[2026-07-25 14:58:44] - DEBUG - https://lootandsomefun.com:443 "GET /api/v1/loot?limit=100&offset=0 HTTP/1.1" 200 None
[2026-07-25 14:58:45] - DEBUG - https://lootandsomefun.com:443 "GET /api/v1/raids?limit=500&offset=0 HTTP/1.1" 200 None
[2026-07-25 15:11:36] - DEBUG - Starting new HTTPS connection (1): lootandsomefun.com:443
[2026-07-25 15:11:36] - DEBUG - https://lootandsomefun.com:443 "GET /api/v1/members?limit=100&offset=0 HTTP/1.1" 200 None
[2026-07-25 15:11:36] - DEBUG - https://lootandsomefun.com:443 "GET /api/v1/attendance?limit=100&offset=0 HTTP/1.1" 200 None
[2026-07-25 15:11:36] - DEBUG - https://lootandsomefun.com:443 "GET /api/v1/loot?limit=100&offset=0 HTTP/1.1" 200 None
[2026-07-25 15:11:36] - DEBUG - https://lootandsomefun.com:443 "GET /api/v1/raids?limit=500&offset=0 HTTP/1.1" 200 None
[2026-07-25 15:12:39] - DEBUG - Starting new HTTPS connection (1): lootandsomefun.com:443
[2026-07-25 15:12:39] - DEBUG - https://lootandsomefun.com:443 "GET /api/v1/members?limit=100&offset=0 HTTP/1.1" 200 None
[2026-07-25 15:12:39] - DEBUG - https://lootandsomefun.com:443 "GET /api/v1/attendance?limit=100&offset=0 HTTP/1.1" 200 None
[2026-07-25 15:12:39] - DEBUG - https://lootandsomefun.com:443 "GET /api/v1/loot?limit=100&offset=0 HTTP/1.1" 200 None
[2026-07-25 15:12:39] - DEBUG - https://lootandsomefun.com:443 "GET /api/v1/raids?limit=500&offset=0 HTTP/1.1" 200 None
[2026-07-25 15:12:57] - DEBUG - Starting new HTTPS connection (1): lootandsomefun.com:443
[2026-07-25 15:12:58] - DEBUG - https://lootandsomefun.com:443 "GET /api/v1/members?limit=100&offset=0 HTTP/1.1" 200 None
[2026-07-25 15:12:58] - DEBUG - https://lootandsomefun.com:443 "GET /api/v1/attendance?limit=100&offset=0 HTTP/1.1" 200 None
[2026-07-25 15:12:58] - DEBUG - https://lootandsomefun.com:443 "GET /api/v1/loot?limit=100&offset=0 HTTP/1.1" 200 None
[2026-07-25 15:12:58] - DEBUG - https://lootandsomefun.com:443 "GET /api/v1/raids?limit=500&offset=0 HTTP/1.1" 200 None
[2026-07-25 15:18:02] - DEBUG - Starting new HTTPS connection (1): lootandsomefun.com:443
[2026-07-25 15:18:03] - DEBUG - https://lootandsomefun.com:443 "GET /api/v1/members?limit=100&offset=0 HTTP/1.1" 200 None
[2026-07-25 15:18:03] - DEBUG - https://lootandsomefun.com:443 "GET /api/v1/attendance?limit=100&offset=0 HTTP/1.1" 200 None
[2026-07-25 15:18:03] - DEBUG - https://lootandsomefun.com:443 "GET /api/v1/loot?limit=100&offset=0 HTTP/1.1" 200 None
[2026-07-25 15:18:03] - DEBUG - https://lootandsomefun.com:443 "GET /api/v1/raids?limit=500&offset=0 HTTP/1.1" 200 None
[2026-07-25 15:19:51] - DEBUG - Starting new HTTPS connection (1): lootandsomefun.com:443
[2026-07-25 15:19:52] - DEBUG - https://lootandsomefun.com:443 "GET /api/v1/members?limit=100&offset=0 HTTP/1.1" 200 None
[2026-07-25 15:19:52] - DEBUG - https://lootandsomefun.com:443 "GET /api/v1/attendance?limit=100&offset=0 HTTP/1.1" 200 None
[2026-07-25 15:19:52] - DEBUG - https://lootandsomefun.com:443 "GET /api/v1/loot?limit=100&offset=0 HTTP/1.1" 200 None
[2026-07-25 15:19:52] - DEBUG - https://lootandsomefun.com:443 "GET /api/v1/raids?limit=500&offset=0 HTTP/1.1" 200 None
[2026-07-25 15:23:05] - DEBUG - Starting new HTTPS connection (1): lootandsomefun.com:443
[2026-07-25 15:23:06] - DEBUG - https://lootandsomefun.com:443 "GET /api/v1/members?limit=100&offset=0 HTTP/1.1" 200 None
[2026-07-25 15:23:06] - DEBUG - https://lootandsomefun.com:443 "GET /api/v1/attendance?limit=100&offset=0 HTTP/1.1" 200 None
[2026-07-25 15:23:06] - DEBUG - https://lootandsomefun.com:443 "GET /api/v1/loot?limit=100&offset=0 HTTP/1.1" 200 None
[2026-07-25 15:23:06] - DEBUG - https://lootandsomefun.com:443 "GET /api/v1/raids?limit=500&offset=0 HTTP/1.1" 200 None
[2026-07-25 15:23:18] - DEBUG - Starting new HTTPS connection (1): lootandsomefun.com:443
[2026-07-25 15:23:18] - DEBUG - https://lootandsomefun.com:443 "GET /api/v1/members?limit=100&offset=0 HTTP/1.1" 200 None
[2026-07-25 15:23:18] - DEBUG - https://lootandsomefun.com:443 "GET /api/v1/attendance?limit=100&offset=0 HTTP/1.1" 200 None
[2026-07-25 15:23:18] - DEBUG - https://lootandsomefun.com:443 "GET /api/v1/loot?limit=100&offset=0 HTTP/1.1" 200 None
[2026-07-25 15:23:19] - DEBUG - https://lootandsomefun.com:443 "GET /api/v1/raids?limit=500&offset=0 HTTP/1.1" 200 None
[2026-07-25 15:27:48] - DEBUG - Starting new HTTPS connection (1): lootandsomefun.com:443
[2026-07-25 15:27:48] - DEBUG - https://lootandsomefun.com:443 "GET /api/v1/members?limit=100&offset=0 HTTP/1.1" 200 None
[2026-07-25 15:27:48] - DEBUG - https://lootandsomefun.com:443 "GET /api/v1/attendance?limit=100&offset=0 HTTP/1.1" 200 None
[2026-07-25 15:27:48] - DEBUG - https://lootandsomefun.com:443 "GET /api/v1/loot?limit=100&offset=0 HTTP/1.1" 200 None
[2026-07-25 15:27:48] - DEBUG - https://lootandsomefun.com:443 "GET /api/v1/raids?limit=500&offset=0 HTTP/1.1" 200 None
[2026-07-25 15:29:15] - DEBUG - Starting new HTTPS connection (1): lootandsomefun.com:443
[2026-07-25 15:29:16] - DEBUG - https://lootandsomefun.com:443 "GET /api/v1/members?limit=100&offset=0 HTTP/1.1" 200 None
[2026-07-25 15:29:16] - DEBUG - https://lootandsomefun.com:443 "GET /api/v1/attendance?limit=100&offset=0 HTTP/1.1" 200 None
[2026-07-25 15:29:16] - DEBUG - https://lootandsomefun.com:443 "GET /api/v1/loot?limit=100&offset=0 HTTP/1.1" 200 None
[2026-07-25 15:29:16] - DEBUG - https://lootandsomefun.com:443 "GET /api/v1/raids?limit=500&offset=0 HTTP/1.1" 200 None
[2026-07-25 15:30:58] - DEBUG - Starting new HTTPS connection (1): lootandsomefun.com:443
[2026-07-25 15:30:58] - DEBUG - https://lootandsomefun.com:443 "GET /api/v1/members?limit=100&offset=0 HTTP/1.1" 200 None
[2026-07-25 15:30:59] - DEBUG - https://lootandsomefun.com:443 "GET /api/v1/attendance?limit=100&offset=0 HTTP/1.1" 200 None
[2026-07-25 15:30:59] - DEBUG - https://lootandsomefun.com:443 "GET /api/v1/loot?limit=100&offset=0 HTTP/1.1" 200 None
[2026-07-25 15:30:59] - DEBUG - https://lootandsomefun.com:443 "GET /api/v1/raids?limit=500&offset=0 HTTP/1.1" 200 None
[2026-07-25 15:34:30] - DEBUG - Starting new HTTPS connection (1): lootandsomefun.com:443
[2026-07-25 15:34:31] - DEBUG - https://lootandsomefun.com:443 "GET /api/v1/members?limit=100&offset=0 HTTP/1.1" 200 None
[2026-07-25 15:34:31] - DEBUG - https://lootandsomefun.com:443 "GET /api/v1/attendance?limit=100&offset=0 HTTP/1.1" 200 None
[2026-07-25 15:34:31] - DEBUG - https://lootandsomefun.com:443 "GET /api/v1/loot?limit=100&offset=0 HTTP/1.1" 200 None
[2026-07-25 15:34:31] - DEBUG - https://lootandsomefun.com:443 "GET /api/v1/raids?limit=500&offset=0 HTTP/1.1" 200 None
[2026-07-25 15:36:09] - DEBUG - Starting new HTTPS connection (1): lootandsomefun.com:443
[2026-07-25 15:36:09] - DEBUG - https://lootandsomefun.com:443 "GET /api/v1/members?limit=100&offset=0 HTTP/1.1" 200 None
[2026-07-25 15:36:09] - DEBUG - https://lootandsomefun.com:443 "GET /api/v1/attendance?limit=100&offset=0 HTTP/1.1" 200 None
[2026-07-25 15:36:09] - DEBUG - https://lootandsomefun.com:443 "GET /api/v1/loot?limit=100&offset=0 HTTP/1.1" 200 None
[2026-07-25 15:36:09] - DEBUG - https://lootandsomefun.com:443 "GET /api/v1/raids?limit=500&offset=0 HTTP/1.1" 200 None
[2026-07-25 15:38:00] - DEBUG - Starting new HTTPS connection (1): lootandsomefun.com:443
[2026-07-25 15:38:00] - DEBUG - https://lootandsomefun.com:443 "GET /api/v1/members?limit=100&offset=0 HTTP/1.1" 200 None
[2026-07-25 15:38:00] - DEBUG - https://lootandsomefun.com:443 "GET /api/v1/attendance?limit=100&offset=0 HTTP/1.1" 200 None
[2026-07-25 15:38:01] - DEBUG - https://lootandsomefun.com:443 "GET /api/v1/loot?limit=100&offset=0 HTTP/1.1" 200 None
[2026-07-25 15:38:01] - DEBUG - https://lootandsomefun.com:443 "GET /api/v1/raids?limit=500&offset=0 HTTP/1.1" 200 None
[2026-07-25 15:40:11] - DEBUG - Starting new HTTPS connection (1): lootandsomefun.com:443
[2026-07-25 15:40:11] - DEBUG - https://lootandsomefun.com:443 "GET /api/v1/members?limit=100&offset=0 HTTP/1.1" 200 None
[2026-07-25 15:40:11] - DEBUG - https://lootandsomefun.com:443 "GET /api/v1/attendance?limit=100&offset=0 HTTP/1.1" 200 None
[2026-07-25 15:40:12] - DEBUG - https://lootandsomefun.com:443 "GET /api/v1/loot?limit=100&offset=0 HTTP/1.1" 200 None
[2026-07-25 15:40:12] - DEBUG - https://lootandsomefun.com:443 "GET /api/v1/raids?limit=500&offset=0 HTTP/1.1" 200 None
[2026-07-25 15:40:56] - DEBUG - Starting new HTTPS connection (1): lootandsomefun.com:443
[2026-07-25 15:40:56] - DEBUG - https://lootandsomefun.com:443 "GET /api/v1/members?limit=100&offset=0 HTTP/1.1" 200 None
[2026-07-25 15:40:56] - DEBUG - https://lootandsomefun.com:443 "GET /api/v1/attendance?limit=100&offset=0 HTTP/1.1" 200 None
[2026-07-25 15:40:56] - DEBUG - https://lootandsomefun.com:443 "GET /api/v1/loot?limit=100&offset=0 HTTP/1.1" 200 None
[2026-07-25 15:40:56] - DEBUG - https://lootandsomefun.com:443 "GET /api/v1/raids?limit=500&offset=0 HTTP/1.1" 200 None
[2026-07-25 15:45:12] - DEBUG - Starting new HTTPS connection (1): lootandsomefun.com:443
[2026-07-25 15:45:13] - DEBUG - https://lootandsomefun.com:443 "GET /api/v1/members?limit=100&offset=0 HTTP/1.1" 200 None
[2026-07-25 15:45:13] - DEBUG - https://lootandsomefun.com:443 "GET /api/v1/attendance?limit=100&offset=0 HTTP/1.1" 200 None
[2026-07-25 15:45:13] - DEBUG - https://lootandsomefun.com:443 "GET /api/v1/loot?limit=100&offset=0 HTTP/1.1" 200 None
[2026-07-25 15:45:13] - DEBUG - https://lootandsomefun.com:443 "GET /api/v1/raids?limit=500&offset=0 HTTP/1.1" 200 None
[2026-07-25 16:04:43] - DEBUG - Starting new HTTPS connection (1): lootandsomefun.com:443
[2026-07-25 16:04:44] - DEBUG - https://lootandsomefun.com:443 "GET /api/v1/members?limit=100&offset=0 HTTP/1.1" 200 None
[2026-07-25 16:04:44] - DEBUG - https://lootandsomefun.com:443 "GET /api/v1/attendance?limit=100&offset=0 HTTP/1.1" 200 None
[2026-07-25 16:04:44] - DEBUG - https://lootandsomefun.com:443 "GET /api/v1/loot?limit=100&offset=0 HTTP/1.1" 200 None
[2026-07-25 16:04:44] - DEBUG - https://lootandsomefun.com:443 "GET /api/v1/raids?limit=500&offset=0 HTTP/1.1" 200 None
